============================= test session starts =============================
platform win32 -- Python 3.9.7, pytest-8.2.1, pluggy-1.6.0 -- C:\Users\hp\Desktop\Resultprep Systems_Assignment\venv\Scripts\python.exe
cachedir: .pytest_cache
rootdir: C:\Users\hp\Desktop\Resultprep Systems_Assignment
configfile: pytest.ini
plugins: anyio-4.12.1, asyncio-0.23.7
asyncio: mode=strict
collecting ... collected 6 items

tests/test_main.py::test_password_hashing FAILED                         [ 16%]
tests/test_main.py::test_verify_wrong_password FAILED                    [ 33%]
tests/test_main.py::test_create_access_token PASSED                      [ 50%]
tests/test_main.py::test_register_user FAILED                            [ 66%]
tests/test_main.py::test_login_and_create_task FAILED                    [ 83%]
tests/test_main.py::test_unauthorized_access FAILED                      [100%]

================================== FAILURES ===================================
____________________________ test_password_hashing ____________________________

    def test_password_hashing():
        password = "secretpassword"
>       hashed = auth.get_password_hash(password)

tests\test_main.py:8: 
_ _ _ _ _ _ _ _ _ _ _ _ _ _ _ _ _ _ _ _ _ _ _ _ _ _ _ _ _ _ _ _ _ _ _ _ _ _ _ _
src\auth.py:23: in get_password_hash
    return pwd_context.hash(password)
venv\lib\site-packages\passlib\context.py:2258: in hash
    return record.hash(secret, **kwds)
venv\lib\site-packages\passlib\utils\handlers.py:779: in hash
    self.checksum = self._calc_checksum(secret)
venv\lib\site-packages\passlib\handlers\bcrypt.py:591: in _calc_checksum
    self._stub_requires_backend()
venv\lib\site-packages\passlib\utils\handlers.py:2254: in _stub_requires_backend
    cls.set_backend()
venv\lib\site-packages\passlib\utils\handlers.py:2156: in set_backend
    return owner.set_backend(name, dryrun=dryrun)
venv\lib\site-packages\passlib\utils\handlers.py:2163: in set_backend
    return cls.set_backend(name, dryrun=dryrun)
venv\lib\site-packages\passlib\utils\handlers.py:2188: in set_backend
    cls._set_backend(name, dryrun)
venv\lib\site-packages\passlib\utils\handlers.py:2311: in _set_backend
    super(SubclassBackendMixin, cls)._set_backend(name, dryrun)
venv\lib\site-packages\passlib\utils\handlers.py:2224: in _set_backend
    ok = loader(**kwds)
venv\lib\site-packages\passlib\handlers\bcrypt.py:626: in _load_backend_mixin
    return mixin_cls._finalize_backend_mixin(name, dryrun)
venv\lib\site-packages\passlib\handlers\bcrypt.py:421: in _finalize_backend_mixin
    if detect_wrap_bug(IDENT_2A):
venv\lib\site-packages\passlib\handlers\bcrypt.py:380: in detect_wrap_bug
    if verify(secret, bug_hash):
venv\lib\site-packages\passlib\utils\handlers.py:792: in verify
    return consteq(self._calc_checksum(secret), chk)
_ _ _ _ _ _ _ _ _ _ _ _ _ _ _ _ _ _ _ _ _ _ _ _ _ _ _ _ _ _ _ _ _ _ _ _ _ _ _ _

self = <passlib.handlers.bcrypt._BcryptBackend object at 0x0000014C507C1460>
secret = b'01234567890123456789012345678901234567890123456789012345678901234567890123456789012345678901234567890123456789012345...7890123456789012345678901234567890123456789012345678901234567890123456789012345678901234567890123456789012345678901234'

    def _calc_checksum(self, secret):
        # bcrypt behavior:
        #   secret must be bytes
        #   config must be ascii bytes
        #   returns ascii bytes
        secret, ident = self._prepare_digest_args(secret)
        config = self._get_config(ident)
        if isinstance(config, unicode):
            config = config.encode("ascii")
>       hash = _bcrypt.hashpw(secret, config)
E       ValueError: password cannot be longer than 72 bytes, truncate manually if necessary (e.g. my_password[:72])

venv\lib\site-packages\passlib\handlers\bcrypt.py:655: ValueError
------------------------------ Captured log call ------------------------------
WARNING  passlib.handlers.bcrypt:bcrypt.py:622 (trapped) error reading bcrypt version
Traceback (most recent call last):
  File "C:\Users\hp\Desktop\Resultprep Systems_Assignment\venv\lib\site-packages\passlib\handlers\bcrypt.py", line 620, in _load_backend_mixin
    version = _bcrypt.__about__.__version__
AttributeError: module 'bcrypt' has no attribute '__about__'
_________________________ test_verify_wrong_password __________________________

    def test_verify_wrong_password():
        password = "secretpassword"
>       hashed = auth.get_password_hash(password)

tests\test_main.py:14: 
_ _ _ _ _ _ _ _ _ _ _ _ _ _ _ _ _ _ _ _ _ _ _ _ _ _ _ _ _ _ _ _ _ _ _ _ _ _ _ _
src\auth.py:23: in get_password_hash
    return pwd_context.hash(password)
venv\lib\site-packages\passlib\context.py:2258: in hash
    return record.hash(secret, **kwds)
venv\lib\site-packages\passlib\utils\handlers.py:779: in hash
    self.checksum = self._calc_checksum(secret)
venv\lib\site-packages\passlib\handlers\bcrypt.py:591: in _calc_checksum
    self._stub_requires_backend()
venv\lib\site-packages\passlib\utils\handlers.py:2254: in _stub_requires_backend
    cls.set_backend()
venv\lib\site-packages\passlib\utils\handlers.py:2156: in set_backend
    return owner.set_backend(name, dryrun=dryrun)
venv\lib\site-packages\passlib\utils\handlers.py:2163: in set_backend
    return cls.set_backend(name, dryrun=dryrun)
venv\lib\site-packages\passlib\utils\handlers.py:2188: in set_backend
    cls._set_backend(name, dryrun)
venv\lib\site-packages\passlib\utils\handlers.py:2311: in _set_backend
    super(SubclassBackendMixin, cls)._set_backend(name, dryrun)
venv\lib\site-packages\passlib\utils\handlers.py:2224: in _set_backend
    ok = loader(**kwds)
venv\lib\site-packages\passlib\handlers\bcrypt.py:626: in _load_backend_mixin
    return mixin_cls._finalize_backend_mixin(name, dryrun)
venv\lib\site-packages\passlib\handlers\bcrypt.py:421: in _finalize_backend_mixin
    if detect_wrap_bug(IDENT_2A):
venv\lib\site-packages\passlib\handlers\bcrypt.py:380: in detect_wrap_bug
    if verify(secret, bug_hash):
venv\lib\site-packages\passlib\utils\handlers.py:792: in verify
    return consteq(self._calc_checksum(secret), chk)
_ _ _ _ _ _ _ _ _ _ _ _ _ _ _ _ _ _ _ _ _ _ _ _ _ _ _ _ _ _ _ _ _ _ _ _ _ _ _ _

self = <passlib.handlers.bcrypt._BcryptBackend object at 0x0000014C5091DBB0>
secret = b'01234567890123456789012345678901234567890123456789012345678901234567890123456789012345678901234567890123456789012345...7890123456789012345678901234567890123456789012345678901234567890123456789012345678901234567890123456789012345678901234'

    def _calc_checksum(self, secret):
        # bcrypt behavior:
        #   secret must be bytes
        #   config must be ascii bytes
        #   returns ascii bytes
        secret, ident = self._prepare_digest_args(secret)
        config = self._get_config(ident)
        if isinstance(config, unicode):
            config = config.encode("ascii")
>       hash = _bcrypt.hashpw(secret, config)
E       ValueError: password cannot be longer than 72 bytes, truncate manually if necessary (e.g. my_password[:72])

venv\lib\site-packages\passlib\handlers\bcrypt.py:655: ValueError
------------------------------ Captured log call ------------------------------
WARNING  passlib.handlers.bcrypt:bcrypt.py:622 (trapped) error reading bcrypt version
Traceback (most recent call last):
  File "C:\Users\hp\Desktop\Resultprep Systems_Assignment\venv\lib\site-packages\passlib\handlers\bcrypt.py", line 620, in _load_backend_mixin
    version = _bcrypt.__about__.__version__
AttributeError: module 'bcrypt' has no attribute '__about__'
_____________________________ test_register_user ______________________________

client = <starlette.testclient.TestClient object at 0x0000014C50949B80>

    def test_register_user(client):
>       response = client.post(
            "/auth/register",
            json={"email": "test@example.com", "password": "password123", "role": "user"}
        )

tests\test_main.py:25: 
_ _ _ _ _ _ _ _ _ _ _ _ _ _ _ _ _ _ _ _ _ _ _ _ _ _ _ _ _ _ _ _ _ _ _ _ _ _ _ _
venv\lib\site-packages\starlette\testclient.py:633: in post
    return super().post(
venv\lib\site-packages\httpx\_client.py:1145: in post
    return self.request(
venv\lib\site-packages\starlette\testclient.py:516: in request
    return super().request(
venv\lib\site-packages\httpx\_client.py:827: in request
    return self.send(request, auth=auth, follow_redirects=follow_redirects)
venv\lib\site-packages\httpx\_client.py:914: in send
    response = self._send_handling_auth(
venv\lib\site-packages\httpx\_client.py:942: in _send_handling_auth
    response = self._send_handling_redirects(
venv\lib\site-packages\httpx\_client.py:979: in _send_handling_redirects
    response = self._send_single_request(request)
venv\lib\site-packages\httpx\_client.py:1015: in _send_single_request
    response = transport.handle_request(request)
venv\lib\site-packages\starlette\testclient.py:398: in handle_request
    raise exc
venv\lib\site-packages\starlette\testclient.py:395: in handle_request
    portal.call(self.app, scope, receive, send)
venv\lib\site-packages\anyio\from_thread.py:334: in call
    return cast(T_Retval, self.start_task_soon(func, *args).result())
..\..\AppData\Local\Programs\Python\Python39\lib\concurrent\futures\_base.py:445: in result
    return self.__get_result()
..\..\AppData\Local\Programs\Python\Python39\lib\concurrent\futures\_base.py:390: in __get_result
    raise self._exception
venv\lib\site-packages\anyio\from_thread.py:259: in _call_func
    retval = await retval_or_awaitable
venv\lib\site-packages\fastapi\applications.py:1054: in __call__
    await super().__call__(scope, receive, send)
venv\lib\site-packages\starlette\applications.py:123: in __call__
    await self.middleware_stack(scope, receive, send)
venv\lib\site-packages\starlette\middleware\errors.py:186: in __call__
    raise exc
venv\lib\site-packages\starlette\middleware\errors.py:164: in __call__
    await self.app(scope, receive, _send)
venv\lib\site-packages\starlette\middleware\exceptions.py:65: in __call__
    await wrap_app_handling_exceptions(self.app, conn)(scope, receive, send)
venv\lib\site-packages\starlette\_exception_handler.py:64: in wrapped_app
    raise exc
venv\lib\site-packages\starlette\_exception_handler.py:53: in wrapped_app
    await app(scope, receive, sender)
venv\lib\site-packages\starlette\routing.py:756: in __call__
    await self.middleware_stack(scope, receive, send)
venv\lib\site-packages\starlette\routing.py:776: in app
    await route.handle(scope, receive, send)
venv\lib\site-packages\starlette\routing.py:297: in handle
    await self.app(scope, receive, send)
venv\lib\site-packages\starlette\routing.py:77: in app
    await wrap_app_handling_exceptions(app, request)(scope, receive, send)
venv\lib\site-packages\starlette\_exception_handler.py:64: in wrapped_app
    raise exc
venv\lib\site-packages\starlette\_exception_handler.py:53: in wrapped_app
    await app(scope, receive, sender)
venv\lib\site-packages\starlette\routing.py:72: in app
    response = await func(request)
venv\lib\site-packages\fastapi\routing.py:278: in app
    raw_response = await run_endpoint_function(
venv\lib\site-packages\fastapi\routing.py:193: in run_endpoint_function
    return await run_in_threadpool(dependant.call, **values)
venv\lib\site-packages\starlette\concurrency.py:42: in run_in_threadpool
    return await anyio.to_thread.run_sync(func, *args)
venv\lib\site-packages\anyio\to_thread.py:63: in run_sync
    return await get_async_backend().run_sync_in_worker_thread(
venv\lib\site-packages\anyio\_backends\_asyncio.py:2502: in run_sync_in_worker_thread
    return await future
venv\lib\site-packages\anyio\_backends\_asyncio.py:986: in run
    result = context.run(func, *args)
src\routers\auth_router.py:15: in register
    hashed_password = auth.get_password_hash(user.password)
src\auth.py:23: in get_password_hash
    return pwd_context.hash(password)
venv\lib\site-packages\passlib\context.py:2258: in hash
    return record.hash(secret, **kwds)
venv\lib\site-packages\passlib\utils\handlers.py:779: in hash
    self.checksum = self._calc_checksum(secret)
venv\lib\site-packages\passlib\handlers\bcrypt.py:591: in _calc_checksum
    self._stub_requires_backend()
venv\lib\site-packages\passlib\utils\handlers.py:2254: in _stub_requires_backend
    cls.set_backend()
venv\lib\site-packages\passlib\utils\handlers.py:2156: in set_backend
    return owner.set_backend(name, dryrun=dryrun)
venv\lib\site-packages\passlib\utils\handlers.py:2163: in set_backend
    return cls.set_backend(name, dryrun=dryrun)
venv\lib\site-packages\passlib\utils\handlers.py:2188: in set_backend
    cls._set_backend(name, dryrun)
venv\lib\site-packages\passlib\utils\handlers.py:2311: in _set_backend
    super(SubclassBackendMixin, cls)._set_backend(name, dryrun)
venv\lib\site-packages\passlib\utils\handlers.py:2224: in _set_backend
    ok = loader(**kwds)
venv\lib\site-packages\passlib\handlers\bcrypt.py:626: in _load_backend_mixin
    return mixin_cls._finalize_backend_mixin(name, dryrun)
venv\lib\site-packages\passlib\handlers\bcrypt.py:421: in _finalize_backend_mixin
    if detect_wrap_bug(IDENT_2A):
venv\lib\site-packages\passlib\handlers\bcrypt.py:380: in detect_wrap_bug
    if verify(secret, bug_hash):
venv\lib\site-packages\passlib\utils\handlers.py:792: in verify
    return consteq(self._calc_checksum(secret), chk)
_ _ _ _ _ _ _ _ _ _ _ _ _ _ _ _ _ _ _ _ _ _ _ _ _ _ _ _ _ _ _ _ _ _ _ _ _ _ _ _

self = <passlib.handlers.bcrypt._BcryptBackend object at 0x0000014C50889B80>
secret = b'01234567890123456789012345678901234567890123456789012345678901234567890123456789012345678901234567890123456789012345...7890123456789012345678901234567890123456789012345678901234567890123456789012345678901234567890123456789012345678901234'

    def _calc_checksum(self, secret):
        # bcrypt behavior:
        #   secret must be bytes
        #   config must be ascii bytes
        #   returns ascii bytes
        secret, ident = self._prepare_digest_args(secret)
        config = self._get_config(ident)
        if isinstance(config, unicode):
            config = config.encode("ascii")
>       hash = _bcrypt.hashpw(secret, config)
E       ValueError: password cannot be longer than 72 bytes, truncate manually if necessary (e.g. my_password[:72])

venv\lib\site-packages\passlib\handlers\bcrypt.py:655: ValueError
------------------------------ Captured log call ------------------------------
WARNING  passlib.handlers.bcrypt:bcrypt.py:622 (trapped) error reading bcrypt version
Traceback (most recent call last):
  File "C:\Users\hp\Desktop\Resultprep Systems_Assignment\venv\lib\site-packages\passlib\handlers\bcrypt.py", line 620, in _load_backend_mixin
    version = _bcrypt.__about__.__version__
AttributeError: module 'bcrypt' has no attribute '__about__'
_________________________ test_login_and_create_task __________________________

client = <starlette.testclient.TestClient object at 0x0000014C514F9EB0>

    def test_login_and_create_task(client):
>       response = client.post(
            "/auth/register",
            json={"email": "taskuser@example.com", "password": "password123"}
        )

tests\test_main.py:36: 
_ _ _ _ _ _ _ _ _ _ _ _ _ _ _ _ _ _ _ _ _ _ _ _ _ _ _ _ _ _ _ _ _ _ _ _ _ _ _ _
venv\lib\site-packages\starlette\testclient.py:633: in post
    return super().post(
venv\lib\site-packages\httpx\_client.py:1145: in post
    return self.request(
venv\lib\site-packages\starlette\testclient.py:516: in request
    return super().request(
venv\lib\site-packages\httpx\_client.py:827: in request
    return self.send(request, auth=auth, follow_redirects=follow_redirects)
venv\lib\site-packages\httpx\_client.py:914: in send
    response = self._send_handling_auth(
venv\lib\site-packages\httpx\_client.py:942: in _send_handling_auth
    response = self._send_handling_redirects(
venv\lib\site-packages\httpx\_client.py:979: in _send_handling_redirects
    response = self._send_single_request(request)
venv\lib\site-packages\httpx\_client.py:1015: in _send_single_request
    response = transport.handle_request(request)
venv\lib\site-packages\starlette\testclient.py:398: in handle_request
    raise exc
venv\lib\site-packages\starlette\testclient.py:395: in handle_request
    portal.call(self.app, scope, receive, send)
venv\lib\site-packages\anyio\from_thread.py:334: in call
    return cast(T_Retval, self.start_task_soon(func, *args).result())
..\..\AppData\Local\Programs\Python\Python39\lib\concurrent\futures\_base.py:445: in result
    return self.__get_result()
..\..\AppData\Local\Programs\Python\Python39\lib\concurrent\futures\_base.py:390: in __get_result
    raise self._exception
venv\lib\site-packages\anyio\from_thread.py:259: in _call_func
    retval = await retval_or_awaitable
venv\lib\site-packages\fastapi\applications.py:1054: in __call__
    await super().__call__(scope, receive, send)
venv\lib\site-packages\starlette\applications.py:123: in __call__
    await self.middleware_stack(scope, receive, send)
venv\lib\site-packages\starlette\middleware\errors.py:186: in __call__
    raise exc
venv\lib\site-packages\starlette\middleware\errors.py:164: in __call__
    await self.app(scope, receive, _send)
venv\lib\site-packages\starlette\middleware\exceptions.py:65: in __call__
    await wrap_app_handling_exceptions(self.app, conn)(scope, receive, send)
venv\lib\site-packages\starlette\_exception_handler.py:64: in wrapped_app
    raise exc
venv\lib\site-packages\starlette\_exception_handler.py:53: in wrapped_app
    await app(scope, receive, sender)
venv\lib\site-packages\starlette\routing.py:756: in __call__
    await self.middleware_stack(scope, receive, send)
venv\lib\site-packages\starlette\routing.py:776: in app
    await route.handle(scope, receive, send)
venv\lib\site-packages\starlette\routing.py:297: in handle
    await self.app(scope, receive, send)
venv\lib\site-packages\starlette\routing.py:77: in app
    await wrap_app_handling_exceptions(app, request)(scope, receive, send)
venv\lib\site-packages\starlette\_exception_handler.py:64: in wrapped_app
    raise exc
venv\lib\site-packages\starlette\_exception_handler.py:53: in wrapped_app
    await app(scope, receive, sender)
venv\lib\site-packages\starlette\routing.py:72: in app
    response = await func(request)
venv\lib\site-packages\fastapi\routing.py:278: in app
    raw_response = await run_endpoint_function(
venv\lib\site-packages\fastapi\routing.py:193: in run_endpoint_function
    return await run_in_threadpool(dependant.call, **values)
venv\lib\site-packages\starlette\concurrency.py:42: in run_in_threadpool
    return await anyio.to_thread.run_sync(func, *args)
venv\lib\site-packages\anyio\to_thread.py:63: in run_sync
    return await get_async_backend().run_sync_in_worker_thread(
venv\lib\site-packages\anyio\_backends\_asyncio.py:2502: in run_sync_in_worker_thread
    return await future
venv\lib\site-packages\anyio\_backends\_asyncio.py:986: in run
    result = context.run(func, *args)
src\routers\auth_router.py:15: in register
    hashed_password = auth.get_password_hash(user.password)
src\auth.py:23: in get_password_hash
    return pwd_context.hash(password)
venv\lib\site-packages\passlib\context.py:2258: in hash
    return record.hash(secret, **kwds)
venv\lib\site-packages\passlib\utils\handlers.py:779: in hash
    self.checksum = self._calc_checksum(secret)
venv\lib\site-packages\passlib\handlers\bcrypt.py:591: in _calc_checksum
    self._stub_requires_backend()
venv\lib\site-packages\passlib\utils\handlers.py:2254: in _stub_requires_backend
    cls.set_backend()
venv\lib\site-packages\passlib\utils\handlers.py:2156: in set_backend
    return owner.set_backend(name, dryrun=dryrun)
venv\lib\site-packages\passlib\utils\handlers.py:2163: in set_backend
    return cls.set_backend(name, dryrun=dryrun)
venv\lib\site-packages\passlib\utils\handlers.py:2188: in set_backend
    cls._set_backend(name, dryrun)
venv\lib\site-packages\passlib\utils\handlers.py:2311: in _set_backend
    super(SubclassBackendMixin, cls)._set_backend(name, dryrun)
venv\lib\site-packages\passlib\utils\handlers.py:2224: in _set_backend
    ok = loader(**kwds)
venv\lib\site-packages\passlib\handlers\bcrypt.py:626: in _load_backend_mixin
    return mixin_cls._finalize_backend_mixin(name, dryrun)
venv\lib\site-packages\passlib\handlers\bcrypt.py:421: in _finalize_backend_mixin
    if detect_wrap_bug(IDENT_2A):
venv\lib\site-packages\passlib\handlers\bcrypt.py:380: in detect_wrap_bug
    if verify(secret, bug_hash):
venv\lib\site-packages\passlib\utils\handlers.py:792: in verify
    return consteq(self._calc_checksum(secret), chk)
_ _ _ _ _ _ _ _ _ _ _ _ _ _ _ _ _ _ _ _ _ _ _ _ _ _ _ _ _ _ _ _ _ _ _ _ _ _ _ _

self = <passlib.handlers.bcrypt._BcryptBackend object at 0x0000014C51424B50>
secret = b'01234567890123456789012345678901234567890123456789012345678901234567890123456789012345678901234567890123456789012345...7890123456789012345678901234567890123456789012345678901234567890123456789012345678901234567890123456789012345678901234'

    def _calc_checksum(self, secret):
        # bcrypt behavior:
        #   secret must be bytes
        #   config must be ascii bytes
        #   returns ascii bytes
        secret, ident = self._prepare_digest_args(secret)
        config = self._get_config(ident)
        if isinstance(config, unicode):
            config = config.encode("ascii")
>       hash = _bcrypt.hashpw(secret, config)
E       ValueError: password cannot be longer than 72 bytes, truncate manually if necessary (e.g. my_password[:72])

venv\lib\site-packages\passlib\handlers\bcrypt.py:655: ValueError
------------------------------ Captured log call ------------------------------
WARNING  passlib.handlers.bcrypt:bcrypt.py:622 (trapped) error reading bcrypt version
Traceback (most recent call last):
  File "C:\Users\hp\Desktop\Resultprep Systems_Assignment\venv\lib\site-packages\passlib\handlers\bcrypt.py", line 620, in _load_backend_mixin
    version = _bcrypt.__about__.__version__
AttributeError: module 'bcrypt' has no attribute '__about__'
__________________________ test_unauthorized_access ___________________________

client = <starlette.testclient.TestClient object at 0x0000014C51834B20>

    def test_unauthorized_access(client):
        response = client.get("/tasks/")
>       assert response.status_code == 401
E       assert 403 == 401
E        +  where 403 = <Response [403 Forbidden]>.status_code

tests\test_main.py:62: AssertionError
============================== warnings summary ===============================
venv\lib\site-packages\starlette\formparsers.py:12
  C:\Users\hp\Desktop\Resultprep Systems_Assignment\venv\lib\site-packages\starlette\formparsers.py:12: PendingDeprecationWarning: Please use `import python_multipart` instead.
    import multipart

venv\lib\site-packages\pydantic\_internal\_config.py:284
venv\lib\site-packages\pydantic\_internal\_config.py:284
  C:\Users\hp\Desktop\Resultprep Systems_Assignment\venv\lib\site-packages\pydantic\_internal\_config.py:284: PydanticDeprecatedSince20: Support for class-based `config` is deprecated, use ConfigDict instead. Deprecated in Pydantic V2.0 to be removed in V3.0. See Pydantic V2 Migration Guide at https://errors.pydantic.dev/2.7/migration/
    warnings.warn(DEPRECATION_MESSAGE, DeprecationWarning)

-- Docs: https://docs.pytest.org/en/stable/how-to/capture-warnings.html
=========================== short test summary info ===========================
FAILED tests/test_main.py::test_password_hashing - ValueError: password canno...
FAILED tests/test_main.py::test_verify_wrong_password - ValueError: password ...
FAILED tests/test_main.py::test_register_user - ValueError: password cannot b...
FAILED tests/test_main.py::test_login_and_create_task - ValueError: password ...
FAILED tests/test_main.py::test_unauthorized_access - assert 403 == 401
=================== 5 failed, 1 passed, 3 warnings in 1.42s ===================
